CUDA visible in job: True | devices: 1
[load] counter-fitted vectors from data/counter-fitted-vectors.txt
[load] PEGASUS will load on first sentence/multi attack
Warning: You are sending unauthenticated requests to the HF Hub. Please set a HF_TOKEN to enable higher rate limits and faster downloads.
Loading weights:   0%|          | 0/103 [00:00<?, ?it/s]Loading weights: 100%|██████████| 103/103 [00:00<00:00, 26591.98it/s]
[data] 2110 messages | attacks=['character', 'word', 'sentence', 'multi'] | seeds=[0, 1, 2]
[done] attack=character seed=0
[done] attack=character seed=1
[done] attack=character seed=2
[done] attack=word seed=0
[done] attack=word seed=1
[done] attack=word seed=2
Traceback (most recent call last):
  File "/work/projects/phd-ssanjarip42/ssanjarip42/reasoning-robustness/scripts/run_perturbations.py", line 189, in <module>
    main()
  File "/work/projects/phd-ssanjarip42/ssanjarip42/reasoning-robustness/scripts/run_perturbations.py", line 153, in main
    pert, edits = P.sentence_level(msg, rng, paraphraser)
                  ^^^^^^^^^^^^^^^^^^^^^^^^^^^^^^^^^^^^^^^
  File "/work/projects/phd-ssanjarip42/ssanjarip42/reasoning-robustness/scripts/perturbations.py", line 297, in sentence_level
    para = paraphraser.paraphrase(body) if body else body
           ^^^^^^^^^^^^^^^^^^^^^^^^^^^^
  File "/work/projects/phd-ssanjarip42/ssanjarip42/reasoning-robustness/scripts/perturbations.py", line 278, in paraphrase
    self.load()
  File "/work/projects/phd-ssanjarip42/ssanjarip42/reasoning-robustness/scripts/perturbations.py", line 274, in load
    self._model = PegasusForConditionalGeneration.from_pretrained(self.model_name).to(self.device)
                  ^^^^^^^^^^^^^^^^^^^^^^^^^^^^^^^^^^^^^^^^^^^^^^^^^^^^^^^^^^^^^^^^
  File "/home/tntech.edu/ssanjarip42/.conda/envs/slm/lib/python3.11/site-packages/transformers/modeling_utils.py", line 4219, in from_pretrained
    config, dtype = _get_dtype(
                    ^^^^^^^^^^^
  File "/home/tntech.edu/ssanjarip42/.conda/envs/slm/lib/python3.11/site-packages/transformers/modeling_utils.py", line 848, in _get_dtype
    state_dict = load_state_dict(
                 ^^^^^^^^^^^^^^^^
  File "/home/tntech.edu/ssanjarip42/.conda/envs/slm/lib/python3.11/site-packages/transformers/modeling_utils.py", line 374, in load_state_dict
    check_torch_load_is_safe()
  File "/home/tntech.edu/ssanjarip42/.conda/envs/slm/lib/python3.11/site-packages/transformers/utils/import_utils.py", line 1384, in check_torch_load_is_safe
    raise ValueError(
ValueError: Due to a serious vulnerability issue in `torch.load`, even with `weights_only=True`, we now require users to upgrade torch to at least v2.6 in order to use the function. This version restriction does not apply when loading files with safetensors.
See the vulnerability report here https://nvd.nist.gov/vuln/detail/CVE-2025-32434
[done] perturbation pipeline finished
