CUDA visible in job: True | devices: 1
[load] counter-fitted vectors from data/counter-fitted-vectors.txt
[load] PEGASUS will load on first sentence/multi attack
Warning: You are sending unauthenticated requests to the HF Hub. Please set a HF_TOKEN to enable higher rate limits and faster downloads.
Loading weights:   0%|          | 0/103 [00:00<?, ?it/s]Loading weights: 100%|██████████| 103/103 [00:00<00:00, 20567.17it/s]
[data] 2110 messages | attacks=['character', 'word', 'sentence', 'multi'] | seeds=[0, 1, 2]
[done] attack=character seed=0
[done] attack=character seed=1
[done] attack=character seed=2
[done] attack=word seed=0
[done] attack=word seed=1
[done] attack=word seed=2
Loading weights:   0%|          | 0/678 [00:00<?, ?it/s]Loading weights: 100%|██████████| 678/678 [00:00<00:00, 29827.33it/s]
[transformers] [1mPegasusForConditionalGeneration LOAD REPORT[0m from: tuner007/pegasus_paraphrase
Key                                  | Status  | 
-------------------------------------+---------+-
model.decoder.embed_positions.weight | MISSING | 
model.encoder.embed_positions.weight | MISSING | 

Notes:
- MISSING:	those params were newly initialized because missing from the checkpoint. Consider training on your downstream task.
../aten/src/ATen/native/cuda/Indexing.cu:1308: indexSelectLargeIndex: block: [574,0,0], thread: [64,0,0] Assertion `srcIndex < srcSelectDimSize` failed.
../aten/src/ATen/native/cuda/Indexing.cu:1308: indexSelectLargeIndex: block: [574,0,0], thread: [65,0,0] Assertion `srcIndex < srcSelectDimSize` failed.
../aten/src/ATen/native/cuda/Indexing.cu:1308: indexSelectLargeIndex: block: [574,0,0], thread: [66,0,0] Assertion `srcIndex < srcSelectDimSize` failed.
../aten/src/ATen/native/cuda/Indexing.cu:1308: indexSelectLargeIndex: block: [574,0,0], thread: [67,0,0] Assertion `srcIndex < srcSelectDimSize` failed.
../aten/src/ATen/native/cuda/Indexing.cu:1308: indexSelectLargeIndex: block: [574,0,0], thread: [68,0,0] Assertion `srcIndex < srcSelectDimSize` failed.
../aten/src/ATen/native/cuda/Indexing.cu:1308: indexSelectLargeIndex: block: [574,0,0], thread: [69,0,0] Assertion `srcIndex < srcSelectDimSize` failed.
../aten/src/ATen/native/cuda/Indexing.cu:1308: indexSelectLargeIndex: block: [574,0,0], thread: [70,0,0] Assertion `srcIndex < srcSelectDimSize` failed.
../aten/src/ATen/native/cuda/Indexing.cu:1308: indexSelectLargeIndex: block: [574,0,0], thread: [71,0,0] Assertion `srcIndex < srcSelectDimSize` failed.
../aten/src/ATen/native/cuda/Indexing.cu:1308: indexSelectLargeIndex: block: [574,0,0], thread: [72,0,0] Assertion `srcIndex < srcSelectDimSize` failed.
../aten/src/ATen/native/cuda/Indexing.cu:1308: indexSelectLargeIndex: block: [574,0,0], thread: [73,0,0] Assertion `srcIndex < srcSelectDimSize` failed.
../aten/src/ATen/native/cuda/Indexing.cu:1308: indexSelectLargeIndex: block: [574,0,0], thread: [74,0,0] Assertion `srcIndex < srcSelectDimSize` failed.
../aten/src/ATen/native/cuda/Indexing.cu:1308: indexSelectLargeIndex: block: [574,0,0], thread: [75,0,0] Assertion `srcIndex < srcSelectDimSize` failed.
../aten/src/ATen/native/cuda/Indexing.cu:1308: indexSelectLargeIndex: block: [574,0,0], thread: [76,0,0] Assertion `srcIndex < srcSelectDimSize` failed.
../aten/src/ATen/native/cuda/Indexing.cu:1308: indexSelectLargeIndex: block: [574,0,0], thread: [77,0,0] Assertion `srcIndex < srcSelectDimSize` failed.
../aten/src/ATen/native/cuda/Indexing.cu:1308: indexSelectLargeIndex: block: [574,0,0], thread: [78,0,0] Assertion `srcIndex < srcSelectDimSize` failed.
../aten/src/ATen/native/cuda/Indexing.cu:1308: indexSelectLargeIndex: block: [574,0,0], thread: [79,0,0] Assertion `srcIndex < srcSelectDimSize` failed.
../aten/src/ATen/native/cuda/Indexing.cu:1308: indexSelectLargeIndex: block: [574,0,0], thread: [80,0,0] Assertion `srcIndex < srcSelectDimSize` failed.
../aten/src/ATen/native/cuda/Indexing.cu:1308: indexSelectLargeIndex: block: [574,0,0], thread: [81,0,0] Assertion `srcIndex < srcSelectDimSize` failed.
../aten/src/ATen/native/cuda/Indexing.cu:1308: indexSelectLargeIndex: block: [574,0,0], thread: [82,0,0] Assertion `srcIndex < srcSelectDimSize` failed.
../aten/src/ATen/native/cuda/Indexing.cu:1308: indexSelectLargeIndex: block: [574,0,0], thread: [83,0,0] Assertion `srcIndex < srcSelectDimSize` failed.
../aten/src/ATen/native/cuda/Indexing.cu:1308: indexSelectLargeIndex: block: [574,0,0], thread: [84,0,0] Assertion `srcIndex < srcSelectDimSize` failed.
../aten/src/ATen/native/cuda/Indexing.cu:1308: indexSelectLargeIndex: block: [574,0,0], thread: [85,0,0] Assertion `srcIndex < srcSelectDimSize` failed.
../aten/src/ATen/native/cuda/Indexing.cu:1308: indexSelectLargeIndex: block: [574,0,0], thread: [86,0,0] Assertion `srcIndex < srcSelectDimSize` failed.
../aten/src/ATen/native/cuda/Indexing.cu:1308: indexSelectLargeIndex: block: [574,0,0], thread: [87,0,0] Assertion `srcIndex < srcSelectDimSize` failed.
../aten/src/ATen/native/cuda/Indexing.cu:1308: indexSelectLargeIndex: block: [574,0,0], thread: [88,0,0] Assertion `srcIndex < srcSelectDimSize` failed.
../aten/src/ATen/native/cuda/Indexing.cu:1308: indexSelectLargeIndex: block: [574,0,0], thread: [89,0,0] Assertion `srcIndex < srcSelectDimSize` failed.
../aten/src/ATen/native/cuda/Indexing.cu:1308: indexSelectLargeIndex: block: [574,0,0], thread: [90,0,0] Assertion `srcIndex < srcSelectDimSize` failed.
../aten/src/ATen/native/cuda/Indexing.cu:1308: indexSelectLargeIndex: block: [574,0,0], thread: [91,0,0] Assertion `srcIndex < srcSelectDimSize` failed.
../aten/src/ATen/native/cuda/Indexing.cu:1308: indexSelectLargeIndex: block: [574,0,0], thread: [92,0,0] Assertion `srcIndex < srcSelectDimSize` failed.
../aten/src/ATen/native/cuda/Indexing.cu:1308: indexSelectLargeIndex: block: [574,0,0], thread: [93,0,0] Assertion `srcIndex < srcSelectDimSize` failed.
../aten/src/ATen/native/cuda/Indexing.cu:1308: indexSelectLargeIndex: block: [574,0,0], thread: [94,0,0] Assertion `srcIndex < srcSelectDimSize` failed.
../aten/src/ATen/native/cuda/Indexing.cu:1308: indexSelectLargeIndex: block: [574,0,0], thread: [95,0,0] Assertion `srcIndex < srcSelectDimSize` failed.
../aten/src/ATen/native/cuda/Indexing.cu:1308: indexSelectLargeIndex: block: [546,0,0], thread: [64,0,0] Assertion `srcIndex < srcSelectDimSize` failed.
../aten/src/ATen/native/cuda/Indexing.cu:1308: indexSelectLargeIndex: block: [546,0,0], thread: [65,0,0] Assertion `srcIndex < srcSelectDimSize` failed.
../aten/src/ATen/native/cuda/Indexing.cu:1308: indexSelectLargeIndex: block: [546,0,0], thread: [66,0,0] Assertion `srcIndex < srcSelectDimSize` failed.
../aten/src/ATen/native/cuda/Indexing.cu:1308: indexSelectLargeIndex: block: [546,0,0], thread: [67,0,0] Assertion `srcIndex < srcSelectDimSize` failed.
../aten/src/ATen/native/cuda/Indexing.cu:1308: indexSelectLargeIndex: block: [546,0,0], thread: [68,0,0] Assertion `srcIndex < srcSelectDimSize` failed.
../aten/src/ATen/native/cuda/Indexing.cu:1308: indexSelectLargeIndex: block: [546,0,0], thread: [69,0,0] Assertion `srcIndex < srcSelectDimSize` failed.
../aten/src/ATen/native/cuda/Indexing.cu:1308: indexSelectLargeIndex: block: [546,0,0], thread: [70,0,0] Assertion `srcIndex < srcSelectDimSize` failed.
../aten/src/ATen/native/cuda/Indexing.cu:1308: indexSelectLargeIndex: block: [546,0,0], thread: [71,0,0] Assertion `srcIndex < srcSelectDimSize` failed.
../aten/src/ATen/native/cuda/Indexing.cu:1308: indexSelectLargeIndex: block: [546,0,0], thread: [72,0,0] Assertion `srcIndex < srcSelectDimSize` failed.
../aten/src/ATen/native/cuda/Indexing.cu:1308: indexSelectLargeIndex: block: [546,0,0], thread: [73,0,0] Assertion `srcIndex < srcSelectDimSize` failed.
../aten/src/ATen/native/cuda/Indexing.cu:1308: indexSelectLargeIndex: block: [546,0,0], thread: [74,0,0] Assertion `srcIndex < srcSelectDimSize` failed.
../aten/src/ATen/native/cuda/Indexing.cu:1308: indexSelectLargeIndex: block: [546,0,0], thread: [75,0,0] Assertion `srcIndex < srcSelectDimSize` failed.
../aten/src/ATen/native/cuda/Indexing.cu:1308: indexSelectLargeIndex: block: [546,0,0], thread: [76,0,0] Assertion `srcIndex < srcSelectDimSize` failed.
../aten/src/ATen/native/cuda/Indexing.cu:1308: indexSelectLargeIndex: block: [546,0,0], thread: [77,0,0] Assertion `srcIndex < srcSelectDimSize` failed.
../aten/src/ATen/native/cuda/Indexing.cu:1308: indexSelectLargeIndex: block: [546,0,0], thread: [78,0,0] Assertion `srcIndex < srcSelectDimSize` failed.
../aten/src/ATen/native/cuda/Indexing.cu:1308: indexSelectLargeIndex: block: [546,0,0], thread: [79,0,0] Assertion `srcIndex < srcSelectDimSize` failed.
../aten/src/ATen/native/cuda/Indexing.cu:1308: indexSelectLargeIndex: block: [546,0,0], thread: [80,0,0] Assertion `srcIndex < srcSelectDimSize` failed.
../aten/src/ATen/native/cuda/Indexing.cu:1308: indexSelectLargeIndex: block: [546,0,0], thread: [81,0,0] Assertion `srcIndex < srcSelectDimSize` failed.
../aten/src/ATen/native/cuda/Indexing.cu:1308: indexSelectLargeIndex: block: [546,0,0], thread: [82,0,0] Assertion `srcIndex < srcSelectDimSize` failed.
../aten/src/ATen/native/cuda/Indexing.cu:1308: indexSelectLargeIndex: block: [546,0,0], thread: [83,0,0] Assertion `srcIndex < srcSelectDimSize` failed.
../aten/src/ATen/native/cuda/Indexing.cu:1308: indexSelectLargeIndex: block: [546,0,0], thread: [84,0,0] Assertion `srcIndex < srcSelectDimSize` failed.
../aten/src/ATen/native/cuda/Indexing.cu:1308: indexSelectLargeIndex: block: [546,0,0], thread: [85,0,0] Assertion `srcIndex < srcSelectDimSize` failed.
../aten/src/ATen/native/cuda/Indexing.cu:1308: indexSelectLargeIndex: block: [546,0,0], thread: [86,0,0] Assertion `srcIndex < srcSelectDimSize` failed.
../aten/src/ATen/native/cuda/Indexing.cu:1308: indexSelectLargeIndex: block: [546,0,0], thread: [87,0,0] Assertion `srcIndex < srcSelectDimSize` failed.
../aten/src/ATen/native/cuda/Indexing.cu:1308: indexSelectLargeIndex: block: [546,0,0], thread: [88,0,0] Assertion `srcIndex < srcSelectDimSize` failed.
../aten/src/ATen/native/cuda/Indexing.cu:1308: indexSelectLargeIndex: block: [546,0,0], thread: [89,0,0] Assertion `srcIndex < srcSelectDimSize` failed.
../aten/src/ATen/native/cuda/Indexing.cu:1308: indexSelectLargeIndex: block: [546,0,0], thread: [90,0,0] Assertion `srcIndex < srcSelectDimSize` failed.
../aten/src/ATen/native/cuda/Indexing.cu:1308: indexSelectLargeIndex: block: [546,0,0], thread: [91,0,0] Assertion `srcIndex < srcSelectDimSize` failed.
../aten/src/ATen/native/cuda/Indexing.cu:1308: indexSelectLargeIndex: block: [546,0,0], thread: [92,0,0] Assertion `srcIndex < srcSelectDimSize` failed.
../aten/src/ATen/native/cuda/Indexing.cu:1308: indexSelectLargeIndex: block: [546,0,0], thread: [93,0,0] Assertion `srcIndex < srcSelectDimSize` failed.
../aten/src/ATen/native/cuda/Indexing.cu:1308: indexSelectLargeIndex: block: [546,0,0], thread: [94,0,0] Assertion `srcIndex < srcSelectDimSize` failed.
../aten/src/ATen/native/cuda/Indexing.cu:1308: indexSelectLargeIndex: block: [546,0,0], thread: [95,0,0] Assertion `srcIndex < srcSelectDimSize` failed.
../aten/src/ATen/native/cuda/Indexing.cu:1308: indexSelectLargeIndex: block: [534,0,0], thread: [96,0,0] Assertion `srcIndex < srcSelectDimSize` failed.
../aten/src/ATen/native/cuda/Indexing.cu:1308: indexSelectLargeIndex: block: [534,0,0], thread: [97,0,0] Assertion `srcIndex < srcSelectDimSize` failed.
../aten/src/ATen/native/cuda/Indexing.cu:1308: indexSelectLargeIndex: block: [534,0,0], thread: [98,0,0] Assertion `srcIndex < srcSelectDimSize` failed.
../aten/src/ATen/native/cuda/Indexing.cu:1308: indexSelectLargeIndex: block: [534,0,0], thread: [99,0,0] Assertion `srcIndex < srcSelectDimSize` failed.
../aten/src/ATen/native/cuda/Indexing.cu:1308: indexSelectLargeIndex: block: [534,0,0], thread: [100,0,0] Assertion `srcIndex < srcSelectDimSize` failed.
../aten/src/ATen/native/cuda/Indexing.cu:1308: indexSelectLargeIndex: block: [534,0,0], thread: [101,0,0] Assertion `srcIndex < srcSelectDimSize` failed.
../aten/src/ATen/native/cuda/Indexing.cu:1308: indexSelectLargeIndex: block: [534,0,0], thread: [102,0,0] Assertion `srcIndex < srcSelectDimSize` failed.
../aten/src/ATen/native/cuda/Indexing.cu:1308: indexSelectLargeIndex: block: [534,0,0], thread: [103,0,0] Assertion `srcIndex < srcSelectDimSize` failed.
../aten/src/ATen/native/cuda/Indexing.cu:1308: indexSelectLargeIndex: block: [534,0,0], thread: [104,0,0] Assertion `srcIndex < srcSelectDimSize` failed.
../aten/src/ATen/native/cuda/Indexing.cu:1308: indexSelectLargeIndex: block: [534,0,0], thread: [105,0,0] Assertion `srcIndex < srcSelectDimSize` failed.
../aten/src/ATen/native/cuda/Indexing.cu:1308: indexSelectLargeIndex: block: [534,0,0], thread: [106,0,0] Assertion `srcIndex < srcSelectDimSize` failed.
../aten/src/ATen/native/cuda/Indexing.cu:1308: indexSelectLargeIndex: block: [534,0,0], thread: [107,0,0] Assertion `srcIndex < srcSelectDimSize` failed.
../aten/src/ATen/native/cuda/Indexing.cu:1308: indexSelectLargeIndex: block: [534,0,0], thread: [108,0,0] Assertion `srcIndex < srcSelectDimSize` failed.
../aten/src/ATen/native/cuda/Indexing.cu:1308: indexSelectLargeIndex: block: [534,0,0], thread: [109,0,0] Assertion `srcIndex < srcSelectDimSize` failed.
../aten/src/ATen/native/cuda/Indexing.cu:1308: indexSelectLargeIndex: block: [534,0,0], thread: [110,0,0] Assertion `srcIndex < srcSelectDimSize` failed.
../aten/src/ATen/native/cuda/Indexing.cu:1308: indexSelectLargeIndex: block: [534,0,0], thread: [111,0,0] Assertion `srcIndex < srcSelectDimSize` failed.
../aten/src/ATen/native/cuda/Indexing.cu:1308: indexSelectLargeIndex: block: [534,0,0], thread: [112,0,0] Assertion `srcIndex < srcSelectDimSize` failed.
../aten/src/ATen/native/cuda/Indexing.cu:1308: indexSelectLargeIndex: block: [534,0,0], thread: [113,0,0] Assertion `srcIndex < srcSelectDimSize` failed.
../aten/src/ATen/native/cuda/Indexing.cu:1308: indexSelectLargeIndex: block: [534,0,0], thread: [114,0,0] Assertion `srcIndex < srcSelectDimSize` failed.
../aten/src/ATen/native/cuda/Indexing.cu:1308: indexSelectLargeIndex: block: [534,0,0], thread: [115,0,0] Assertion `srcIndex < srcSelectDimSize` failed.
../aten/src/ATen/native/cuda/Indexing.cu:1308: indexSelectLargeIndex: block: [534,0,0], thread: [116,0,0] Assertion `srcIndex < srcSelectDimSize` failed.
../aten/src/ATen/native/cuda/Indexing.cu:1308: indexSelectLargeIndex: block: [534,0,0], thread: [117,0,0] Assertion `srcIndex < srcSelectDimSize` failed.
../aten/src/ATen/native/cuda/Indexing.cu:1308: indexSelectLargeIndex: block: [534,0,0], thread: [118,0,0] Assertion `srcIndex < srcSelectDimSize` failed.
../aten/src/ATen/native/cuda/Indexing.cu:1308: indexSelectLargeIndex: block: [534,0,0], thread: [119,0,0] Assertion `srcIndex < srcSelectDimSize` failed.
../aten/src/ATen/native/cuda/Indexing.cu:1308: indexSelectLargeIndex: block: [534,0,0], thread: [120,0,0] Assertion `srcIndex < srcSelectDimSize` failed.
../aten/src/ATen/native/cuda/Indexing.cu:1308: indexSelectLargeIndex: block: [534,0,0], thread: [121,0,0] Assertion `srcIndex < srcSelectDimSize` failed.
../aten/src/ATen/native/cuda/Indexing.cu:1308: indexSelectLargeIndex: block: [534,0,0], thread: [122,0,0] Assertion `srcIndex < srcSelectDimSize` failed.
../aten/src/ATen/native/cuda/Indexing.cu:1308: indexSelectLargeIndex: block: [534,0,0], thread: [123,0,0] Assertion `srcIndex < srcSelectDimSize` failed.
../aten/src/ATen/native/cuda/Indexing.cu:1308: indexSelectLargeIndex: block: [534,0,0], thread: [124,0,0] Assertion `srcIndex < srcSelectDimSize` failed.
../aten/src/ATen/native/cuda/Indexing.cu:1308: indexSelectLargeIndex: block: [534,0,0], thread: [125,0,0] Assertion `srcIndex < srcSelectDimSize` failed.
../aten/src/ATen/native/cuda/Indexing.cu:1308: indexSelectLargeIndex: block: [534,0,0], thread: [126,0,0] Assertion `srcIndex < srcSelectDimSize` failed.
../aten/src/ATen/native/cuda/Indexing.cu:1308: indexSelectLargeIndex: block: [534,0,0], thread: [127,0,0] Assertion `srcIndex < srcSelectDimSize` failed.
../aten/src/ATen/native/cuda/Indexing.cu:1308: indexSelectLargeIndex: block: [570,0,0], thread: [96,0,0] Assertion `srcIndex < srcSelectDimSize` failed.
../aten/src/ATen/native/cuda/Indexing.cu:1308: indexSelectLargeIndex: block: [570,0,0], thread: [97,0,0] Assertion `srcIndex < srcSelectDimSize` failed.
../aten/src/ATen/native/cuda/Indexing.cu:1308: indexSelectLargeIndex: block: [570,0,0], thread: [98,0,0] Assertion `srcIndex < srcSelectDimSize` failed.
../aten/src/ATen/native/cuda/Indexing.cu:1308: indexSelectLargeIndex: block: [570,0,0], thread: [99,0,0] Assertion `srcIndex < srcSelectDimSize` failed.
../aten/src/ATen/native/cuda/Indexing.cu:1308: indexSelectLargeIndex: block: [570,0,0], thread: [100,0,0] Assertion `srcIndex < srcSelectDimSize` failed.
../aten/src/ATen/native/cuda/Indexing.cu:1308: indexSelectLargeIndex: block: [570,0,0], thread: [101,0,0] Assertion `srcIndex < srcSelectDimSize` failed.
../aten/src/ATen/native/cuda/Indexing.cu:1308: indexSelectLargeIndex: block: [570,0,0], thread: [102,0,0] Assertion `srcIndex < srcSelectDimSize` failed.
../aten/src/ATen/native/cuda/Indexing.cu:1308: indexSelectLargeIndex: block: [570,0,0], thread: [103,0,0] Assertion `srcIndex < srcSelectDimSize` failed.
../aten/src/ATen/native/cuda/Indexing.cu:1308: indexSelectLargeIndex: block: [570,0,0], thread: [104,0,0] Assertion `srcIndex < srcSelectDimSize` failed.
../aten/src/ATen/native/cuda/Indexing.cu:1308: indexSelectLargeIndex: block: [570,0,0], thread: [105,0,0] Assertion `srcIndex < srcSelectDimSize` failed.
../aten/src/ATen/native/cuda/Indexing.cu:1308: indexSelectLargeIndex: block: [570,0,0], thread: [106,0,0] Assertion `srcIndex < srcSelectDimSize` failed.
../aten/src/ATen/native/cuda/Indexing.cu:1308: indexSelectLargeIndex: block: [570,0,0], thread: [107,0,0] Assertion `srcIndex < srcSelectDimSize` failed.
../aten/src/ATen/native/cuda/Indexing.cu:1308: indexSelectLargeIndex: block: [570,0,0], thread: [108,0,0] Assertion `srcIndex < srcSelectDimSize` failed.
../aten/src/ATen/native/cuda/Indexing.cu:1308: indexSelectLargeIndex: block: [570,0,0], thread: [109,0,0] Assertion `srcIndex < srcSelectDimSize` failed.
../aten/src/ATen/native/cuda/Indexing.cu:1308: indexSelectLargeIndex: block: [570,0,0], thread: [110,0,0] Assertion `srcIndex < srcSelectDimSize` failed.
../aten/src/ATen/native/cuda/Indexing.cu:1308: indexSelectLargeIndex: block: [570,0,0], thread: [111,0,0] Assertion `srcIndex < srcSelectDimSize` failed.
../aten/src/ATen/native/cuda/Indexing.cu:1308: indexSelectLargeIndex: block: [570,0,0], thread: [112,0,0] Assertion `srcIndex < srcSelectDimSize` failed.
../aten/src/ATen/native/cuda/Indexing.cu:1308: indexSelectLargeIndex: block: [570,0,0], thread: [113,0,0] Assertion `srcIndex < srcSelectDimSize` failed.
../aten/src/ATen/native/cuda/Indexing.cu:1308: indexSelectLargeIndex: block: [570,0,0], thread: [114,0,0] Assertion `srcIndex < srcSelectDimSize` failed.
../aten/src/ATen/native/cuda/Indexing.cu:1308: indexSelectLargeIndex: block: [570,0,0], thread: [115,0,0] Assertion `srcIndex < srcSelectDimSize` failed.
../aten/src/ATen/native/cuda/Indexing.cu:1308: indexSelectLargeIndex: block: [570,0,0], thread: [116,0,0] Assertion `srcIndex < srcSelectDimSize` failed.
../aten/src/ATen/native/cuda/Indexing.cu:1308: indexSelectLargeIndex: block: [570,0,0], thread: [117,0,0] Assertion `srcIndex < srcSelectDimSize` failed.
../aten/src/ATen/native/cuda/Indexing.cu:1308: indexSelectLargeIndex: block: [570,0,0], thread: [118,0,0] Assertion `srcIndex < srcSelectDimSize` failed.
../aten/src/ATen/native/cuda/Indexing.cu:1308: indexSelectLargeIndex: block: [570,0,0], thread: [119,0,0] Assertion `srcIndex < srcSelectDimSize` failed.
../aten/src/ATen/native/cuda/Indexing.cu:1308: indexSelectLargeIndex: block: [570,0,0], thread: [120,0,0] Assertion `srcIndex < srcSelectDimSize` failed.
../aten/src/ATen/native/cuda/Indexing.cu:1308: indexSelectLargeIndex: block: [570,0,0], thread: [121,0,0] Assertion `srcIndex < srcSelectDimSize` failed.
../aten/src/ATen/native/cuda/Indexing.cu:1308: indexSelectLargeIndex: block: [570,0,0], thread: [122,0,0] Assertion `srcIndex < srcSelectDimSize` failed.
../aten/src/ATen/native/cuda/Indexing.cu:1308: indexSelectLargeIndex: block: [570,0,0], thread: [123,0,0] Assertion `srcIndex < srcSelectDimSize` failed.
../aten/src/ATen/native/cuda/Indexing.cu:1308: indexSelectLargeIndex: block: [570,0,0], thread: [124,0,0] Assertion `srcIndex < srcSelectDimSize` failed.
../aten/src/ATen/native/cuda/Indexing.cu:1308: indexSelectLargeIndex: block: [570,0,0], thread: [125,0,0] Assertion `srcIndex < srcSelectDimSize` failed.
../aten/src/ATen/native/cuda/Indexing.cu:1308: indexSelectLargeIndex: block: [570,0,0], thread: [126,0,0] Assertion `srcIndex < srcSelectDimSize` failed.
../aten/src/ATen/native/cuda/Indexing.cu:1308: indexSelectLargeIndex: block: [570,0,0], thread: [127,0,0] Assertion `srcIndex < srcSelectDimSize` failed.
../aten/src/ATen/native/cuda/Indexing.cu:1308: indexSelectLargeIndex: block: [549,0,0], thread: [32,0,0] Assertion `srcIndex < srcSelectDimSize` failed.
../aten/src/ATen/native/cuda/Indexing.cu:1308: indexSelectLargeIndex: block: [549,0,0], thread: [33,0,0] Assertion `srcIndex < srcSelectDimSize` failed.
../aten/src/ATen/native/cuda/Indexing.cu:1308: indexSelectLargeIndex: block: [549,0,0], thread: [34,0,0] Assertion `srcIndex < srcSelectDimSize` failed.
../aten/src/ATen/native/cuda/Indexing.cu:1308: indexSelectLargeIndex: block: [549,0,0], thread: [35,0,0] Assertion `srcIndex < srcSelectDimSize` failed.
../aten/src/ATen/native/cuda/Indexing.cu:1308: indexSelectLargeIndex: block: [549,0,0], thread: [36,0,0] Assertion `srcIndex < srcSelectDimSize` failed.
../aten/src/ATen/native/cuda/Indexing.cu:1308: indexSelectLargeIndex: block: [549,0,0], thread: [37,0,0] Assertion `srcIndex < srcSelectDimSize` failed.
../aten/src/ATen/native/cuda/Indexing.cu:1308: indexSelectLargeIndex: block: [549,0,0], thread: [38,0,0] Assertion `srcIndex < srcSelectDimSize` failed.
../aten/src/ATen/native/cuda/Indexing.cu:1308: indexSelectLargeIndex: block: [549,0,0], thread: [39,0,0] Assertion `srcIndex < srcSelectDimSize` failed.
../aten/src/ATen/native/cuda/Indexing.cu:1308: indexSelectLargeIndex: block: [549,0,0], thread: [40,0,0] Assertion `srcIndex < srcSelectDimSize` failed.
../aten/src/ATen/native/cuda/Indexing.cu:1308: indexSelectLargeIndex: block: [549,0,0], thread: [41,0,0] Assertion `srcIndex < srcSelectDimSize` failed.
../aten/src/ATen/native/cuda/Indexing.cu:1308: indexSelectLargeIndex: block: [549,0,0], thread: [42,0,0] Assertion `srcIndex < srcSelectDimSize` failed.
../aten/src/ATen/native/cuda/Indexing.cu:1308: indexSelectLargeIndex: block: [549,0,0], thread: [43,0,0] Assertion `srcIndex < srcSelectDimSize` failed.
../aten/src/ATen/native/cuda/Indexing.cu:1308: indexSelectLargeIndex: block: [549,0,0], thread: [44,0,0] Assertion `srcIndex < srcSelectDimSize` failed.
../aten/src/ATen/native/cuda/Indexing.cu:1308: indexSelectLargeIndex: block: [549,0,0], thread: [45,0,0] Assertion `srcIndex < srcSelectDimSize` failed.
../aten/src/ATen/native/cuda/Indexing.cu:1308: indexSelectLargeIndex: block: [549,0,0], thread: [46,0,0] Assertion `srcIndex < srcSelectDimSize` failed.
../aten/src/ATen/native/cuda/Indexing.cu:1308: indexSelectLargeIndex: block: [549,0,0], thread: [47,0,0] Assertion `srcIndex < srcSelectDimSize` failed.
../aten/src/ATen/native/cuda/Indexing.cu:1308: indexSelectLargeIndex: block: [549,0,0], thread: [48,0,0] Assertion `srcIndex < srcSelectDimSize` failed.
../aten/src/ATen/native/cuda/Indexing.cu:1308: indexSelectLargeIndex: block: [549,0,0], thread: [49,0,0] Assertion `srcIndex < srcSelectDimSize` failed.
../aten/src/ATen/native/cuda/Indexing.cu:1308: indexSelectLargeIndex: block: [549,0,0], thread: [50,0,0] Assertion `srcIndex < srcSelectDimSize` failed.
../aten/src/ATen/native/cuda/Indexing.cu:1308: indexSelectLargeIndex: block: [549,0,0], thread: [51,0,0] Assertion `srcIndex < srcSelectDimSize` failed.
../aten/src/ATen/native/cuda/Indexing.cu:1308: indexSelectLargeIndex: block: [549,0,0], thread: [52,0,0] Assertion `srcIndex < srcSelectDimSize` failed.
../aten/src/ATen/native/cuda/Indexing.cu:1308: indexSelectLargeIndex: block: [549,0,0], thread: [53,0,0] Assertion `srcIndex < srcSelectDimSize` failed.
../aten/src/ATen/native/cuda/Indexing.cu:1308: indexSelectLargeIndex: block: [549,0,0], thread: [54,0,0] Assertion `srcIndex < srcSelectDimSize` failed.
../aten/src/ATen/native/cuda/Indexing.cu:1308: indexSelectLargeIndex: block: [549,0,0], thread: [55,0,0] Assertion `srcIndex < srcSelectDimSize` failed.
../aten/src/ATen/native/cuda/Indexing.cu:1308: indexSelectLargeIndex: block: [549,0,0], thread: [56,0,0] Assertion `srcIndex < srcSelectDimSize` failed.
../aten/src/ATen/native/cuda/Indexing.cu:1308: indexSelectLargeIndex: block: [549,0,0], thread: [57,0,0] Assertion `srcIndex < srcSelectDimSize` failed.
../aten/src/ATen/native/cuda/Indexing.cu:1308: indexSelectLargeIndex: block: [549,0,0], thread: [58,0,0] Assertion `srcIndex < srcSelectDimSize` failed.
../aten/src/ATen/native/cuda/Indexing.cu:1308: indexSelectLargeIndex: block: [549,0,0], thread: [59,0,0] Assertion `srcIndex < srcSelectDimSize` failed.
../aten/src/ATen/native/cuda/Indexing.cu:1308: indexSelectLargeIndex: block: [549,0,0], thread: [60,0,0] Assertion `srcIndex < srcSelectDimSize` failed.
../aten/src/ATen/native/cuda/Indexing.cu:1308: indexSelectLargeIndex: block: [549,0,0], thread: [61,0,0] Assertion `srcIndex < srcSelectDimSize` failed.
../aten/src/ATen/native/cuda/Indexing.cu:1308: indexSelectLargeIndex: block: [549,0,0], thread: [62,0,0] Assertion `srcIndex < srcSelectDimSize` failed.
../aten/src/ATen/native/cuda/Indexing.cu:1308: indexSelectLargeIndex: block: [549,0,0], thread: [63,0,0] Assertion `srcIndex < srcSelectDimSize` failed.
../aten/src/ATen/native/cuda/Indexing.cu:1308: indexSelectLargeIndex: block: [569,0,0], thread: [0,0,0] Assertion `srcIndex < srcSelectDimSize` failed.
../aten/src/ATen/native/cuda/Indexing.cu:1308: indexSelectLargeIndex: block: [569,0,0], thread: [1,0,0] Assertion `srcIndex < srcSelectDimSize` failed.
../aten/src/ATen/native/cuda/Indexing.cu:1308: indexSelectLargeIndex: block: [569,0,0], thread: [2,0,0] Assertion `srcIndex < srcSelectDimSize` failed.
../aten/src/ATen/native/cuda/Indexing.cu:1308: indexSelectLargeIndex: block: [569,0,0], thread: [3,0,0] Assertion `srcIndex < srcSelectDimSize` failed.
../aten/src/ATen/native/cuda/Indexing.cu:1308: indexSelectLargeIndex: block: [569,0,0], thread: [4,0,0] Assertion `srcIndex < srcSelectDimSize` failed.
../aten/src/ATen/native/cuda/Indexing.cu:1308: indexSelectLargeIndex: block: [569,0,0], thread: [5,0,0] Assertion `srcIndex < srcSelectDimSize` failed.
../aten/src/ATen/native/cuda/Indexing.cu:1308: indexSelectLargeIndex: block: [569,0,0], thread: [6,0,0] Assertion `srcIndex < srcSelectDimSize` failed.
../aten/src/ATen/native/cuda/Indexing.cu:1308: indexSelectLargeIndex: block: [569,0,0], thread: [7,0,0] Assertion `srcIndex < srcSelectDimSize` failed.
../aten/src/ATen/native/cuda/Indexing.cu:1308: indexSelectLargeIndex: block: [569,0,0], thread: [8,0,0] Assertion `srcIndex < srcSelectDimSize` failed.
../aten/src/ATen/native/cuda/Indexing.cu:1308: indexSelectLargeIndex: block: [569,0,0], thread: [9,0,0] Assertion `srcIndex < srcSelectDimSize` failed.
../aten/src/ATen/native/cuda/Indexing.cu:1308: indexSelectLargeIndex: block: [569,0,0], thread: [10,0,0] Assertion `srcIndex < srcSelectDimSize` failed.
../aten/src/ATen/native/cuda/Indexing.cu:1308: indexSelectLargeIndex: block: [569,0,0], thread: [11,0,0] Assertion `srcIndex < srcSelectDimSize` failed.
../aten/src/ATen/native/cuda/Indexing.cu:1308: indexSelectLargeIndex: block: [569,0,0], thread: [12,0,0] Assertion `srcIndex < srcSelectDimSize` failed.
../aten/src/ATen/native/cuda/Indexing.cu:1308: indexSelectLargeIndex: block: [569,0,0], thread: [13,0,0] Assertion `srcIndex < srcSelectDimSize` failed.
../aten/src/ATen/native/cuda/Indexing.cu:1308: indexSelectLargeIndex: block: [569,0,0], thread: [14,0,0] Assertion `srcIndex < srcSelectDimSize` failed.
../aten/src/ATen/native/cuda/Indexing.cu:1308: indexSelectLargeIndex: block: [569,0,0], thread: [15,0,0] Assertion `srcIndex < srcSelectDimSize` failed.
../aten/src/ATen/native/cuda/Indexing.cu:1308: indexSelectLargeIndex: block: [569,0,0], thread: [16,0,0] Assertion `srcIndex < srcSelectDimSize` failed.
../aten/src/ATen/native/cuda/Indexing.cu:1308: indexSelectLargeIndex: block: [569,0,0], thread: [17,0,0] Assertion `srcIndex < srcSelectDimSize` failed.
../aten/src/ATen/native/cuda/Indexing.cu:1308: indexSelectLargeIndex: block: [569,0,0], thread: [18,0,0] Assertion `srcIndex < srcSelectDimSize` failed.
../aten/src/ATen/native/cuda/Indexing.cu:1308: indexSelectLargeIndex: block: [569,0,0], thread: [19,0,0] Assertion `srcIndex < srcSelectDimSize` failed.
../aten/src/ATen/native/cuda/Indexing.cu:1308: indexSelectLargeIndex: block: [569,0,0], thread: [20,0,0] Assertion `srcIndex < srcSelectDimSize` failed.
../aten/src/ATen/native/cuda/Indexing.cu:1308: indexSelectLargeIndex: block: [569,0,0], thread: [21,0,0] Assertion `srcIndex < srcSelectDimSize` failed.
../aten/src/ATen/native/cuda/Indexing.cu:1308: indexSelectLargeIndex: block: [569,0,0], thread: [22,0,0] Assertion `srcIndex < srcSelectDimSize` failed.
../aten/src/ATen/native/cuda/Indexing.cu:1308: indexSelectLargeIndex: block: [569,0,0], thread: [23,0,0] Assertion `srcIndex < srcSelectDimSize` failed.
../aten/src/ATen/native/cuda/Indexing.cu:1308: indexSelectLargeIndex: block: [569,0,0], thread: [24,0,0] Assertion `srcIndex < srcSelectDimSize` failed.
../aten/src/ATen/native/cuda/Indexing.cu:1308: indexSelectLargeIndex: block: [569,0,0], thread: [25,0,0] Assertion `srcIndex < srcSelectDimSize` failed.
../aten/src/ATen/native/cuda/Indexing.cu:1308: indexSelectLargeIndex: block: [569,0,0], thread: [26,0,0] Assertion `srcIndex < srcSelectDimSize` failed.
../aten/src/ATen/native/cuda/Indexing.cu:1308: indexSelectLargeIndex: block: [569,0,0], thread: [27,0,0] Assertion `srcIndex < srcSelectDimSize` failed.
../aten/src/ATen/native/cuda/Indexing.cu:1308: indexSelectLargeIndex: block: [569,0,0], thread: [28,0,0] Assertion `srcIndex < srcSelectDimSize` failed.
../aten/src/ATen/native/cuda/Indexing.cu:1308: indexSelectLargeIndex: block: [569,0,0], thread: [29,0,0] Assertion `srcIndex < srcSelectDimSize` failed.
../aten/src/ATen/native/cuda/Indexing.cu:1308: indexSelectLargeIndex: block: [569,0,0], thread: [30,0,0] Assertion `srcIndex < srcSelectDimSize` failed.
../aten/src/ATen/native/cuda/Indexing.cu:1308: indexSelectLargeIndex: block: [569,0,0], thread: [31,0,0] Assertion `srcIndex < srcSelectDimSize` failed.
../aten/src/ATen/native/cuda/Indexing.cu:1308: indexSelectLargeIndex: block: [548,0,0], thread: [96,0,0] Assertion `srcIndex < srcSelectDimSize` failed.
../aten/src/ATen/native/cuda/Indexing.cu:1308: indexSelectLargeIndex: block: [548,0,0], thread: [97,0,0] Assertion `srcIndex < srcSelectDimSize` failed.
../aten/src/ATen/native/cuda/Indexing.cu:1308: indexSelectLargeIndex: block: [548,0,0], thread: [98,0,0] Assertion `srcIndex < srcSelectDimSize` failed.
../aten/src/ATen/native/cuda/Indexing.cu:1308: indexSelectLargeIndex: block: [548,0,0], thread: [99,0,0] Assertion `srcIndex < srcSelectDimSize` failed.
../aten/src/ATen/native/cuda/Indexing.cu:1308: indexSelectLargeIndex: block: [548,0,0], thread: [100,0,0] Assertion `srcIndex < srcSelectDimSize` failed.
../aten/src/ATen/native/cuda/Indexing.cu:1308: indexSelectLargeIndex: block: [548,0,0], thread: [101,0,0] Assertion `srcIndex < srcSelectDimSize` failed.
../aten/src/ATen/native/cuda/Indexing.cu:1308: indexSelectLargeIndex: block: [548,0,0], thread: [102,0,0] Assertion `srcIndex < srcSelectDimSize` failed.
../aten/src/ATen/native/cuda/Indexing.cu:1308: indexSelectLargeIndex: block: [548,0,0], thread: [103,0,0] Assertion `srcIndex < srcSelectDimSize` failed.
../aten/src/ATen/native/cuda/Indexing.cu:1308: indexSelectLargeIndex: block: [548,0,0], thread: [104,0,0] Assertion `srcIndex < srcSelectDimSize` failed.
../aten/src/ATen/native/cuda/Indexing.cu:1308: indexSelectLargeIndex: block: [548,0,0], thread: [105,0,0] Assertion `srcIndex < srcSelectDimSize` failed.
../aten/src/ATen/native/cuda/Indexing.cu:1308: indexSelectLargeIndex: block: [548,0,0], thread: [106,0,0] Assertion `srcIndex < srcSelectDimSize` failed.
../aten/src/ATen/native/cuda/Indexing.cu:1308: indexSelectLargeIndex: block: [548,0,0], thread: [107,0,0] Assertion `srcIndex < srcSelectDimSize` failed.
../aten/src/ATen/native/cuda/Indexing.cu:1308: indexSelectLargeIndex: block: [548,0,0], thread: [108,0,0] Assertion `srcIndex < srcSelectDimSize` failed.
../aten/src/ATen/native/cuda/Indexing.cu:1308: indexSelectLargeIndex: block: [548,0,0], thread: [109,0,0] Assertion `srcIndex < srcSelectDimSize` failed.
../aten/src/ATen/native/cuda/Indexing.cu:1308: indexSelectLargeIndex: block: [548,0,0], thread: [110,0,0] Assertion `srcIndex < srcSelectDimSize` failed.
../aten/src/ATen/native/cuda/Indexing.cu:1308: indexSelectLargeIndex: block: [548,0,0], thread: [111,0,0] Assertion `srcIndex < srcSelectDimSize` failed.
../aten/src/ATen/native/cuda/Indexing.cu:1308: indexSelectLargeIndex: block: [548,0,0], thread: [112,0,0] Assertion `srcIndex < srcSelectDimSize` failed.
../aten/src/ATen/native/cuda/Indexing.cu:1308: indexSelectLargeIndex: block: [548,0,0], thread: [113,0,0] Assertion `srcIndex < srcSelectDimSize` failed.
../aten/src/ATen/native/cuda/Indexing.cu:1308: indexSelectLargeIndex: block: [548,0,0], thread: [114,0,0] Assertion `srcIndex < srcSelectDimSize` failed.
../aten/src/ATen/native/cuda/Indexing.cu:1308: indexSelectLargeIndex: block: [548,0,0], thread: [115,0,0] Assertion `srcIndex < srcSelectDimSize` failed.
../aten/src/ATen/native/cuda/Indexing.cu:1308: indexSelectLargeIndex: block: [548,0,0], thread: [116,0,0] Assertion `srcIndex < srcSelectDimSize` failed.
../aten/src/ATen/native/cuda/Indexing.cu:1308: indexSelectLargeIndex: block: [548,0,0], thread: [117,0,0] Assertion `srcIndex < srcSelectDimSize` failed.
../aten/src/ATen/native/cuda/Indexing.cu:1308: indexSelectLargeIndex: block: [548,0,0], thread: [118,0,0] Assertion `srcIndex < srcSelectDimSize` failed.
../aten/src/ATen/native/cuda/Indexing.cu:1308: indexSelectLargeIndex: block: [548,0,0], thread: [119,0,0] Assertion `srcIndex < srcSelectDimSize` failed.
../aten/src/ATen/native/cuda/Indexing.cu:1308: indexSelectLargeIndex: block: [548,0,0], thread: [120,0,0] Assertion `srcIndex < srcSelectDimSize` failed.
../aten/src/ATen/native/cuda/Indexing.cu:1308: indexSelectLargeIndex: block: [548,0,0], thread: [121,0,0] Assertion `srcIndex < srcSelectDimSize` failed.
../aten/src/ATen/native/cuda/Indexing.cu:1308: indexSelectLargeIndex: block: [548,0,0], thread: [122,0,0] Assertion `srcIndex < srcSelectDimSize` failed.
../aten/src/ATen/native/cuda/Indexing.cu:1308: indexSelectLargeIndex: block: [548,0,0], thread: [123,0,0] Assertion `srcIndex < srcSelectDimSize` failed.
../aten/src/ATen/native/cuda/Indexing.cu:1308: indexSelectLargeIndex: block: [548,0,0], thread: [124,0,0] Assertion `srcIndex < srcSelectDimSize` failed.
../aten/src/ATen/native/cuda/Indexing.cu:1308: indexSelectLargeIndex: block: [548,0,0], thread: [125,0,0] Assertion `srcIndex < srcSelectDimSize` failed.
../aten/src/ATen/native/cuda/Indexing.cu:1308: indexSelectLargeIndex: block: [548,0,0], thread: [126,0,0] Assertion `srcIndex < srcSelectDimSize` failed.
../aten/src/ATen/native/cuda/Indexing.cu:1308: indexSelectLargeIndex: block: [548,0,0], thread: [127,0,0] Assertion `srcIndex < srcSelectDimSize` failed.
../aten/src/ATen/native/cuda/Indexing.cu:1308: indexSelectLargeIndex: block: [574,0,0], thread: [96,0,0] Assertion `srcIndex < srcSelectDimSize` failed.
../aten/src/ATen/native/cuda/Indexing.cu:1308: indexSelectLargeIndex: block: [574,0,0], thread: [97,0,0] Assertion `srcIndex < srcSelectDimSize` failed.
../aten/src/ATen/native/cuda/Indexing.cu:1308: indexSelectLargeIndex: block: [574,0,0], thread: [98,0,0] Assertion `srcIndex < srcSelectDimSize` failed.
../aten/src/ATen/native/cuda/Indexing.cu:1308: indexSelectLargeIndex: block: [574,0,0], thread: [99,0,0] Assertion `srcIndex < srcSelectDimSize` failed.
../aten/src/ATen/native/cuda/Indexing.cu:1308: indexSelectLargeIndex: block: [574,0,0], thread: [100,0,0] Assertion `srcIndex < srcSelectDimSize` failed.
../aten/src/ATen/native/cuda/Indexing.cu:1308: indexSelectLargeIndex: block: [574,0,0], thread: [101,0,0] Assertion `srcIndex < srcSelectDimSize` failed.
../aten/src/ATen/native/cuda/Indexing.cu:1308: indexSelectLargeIndex: block: [574,0,0], thread: [102,0,0] Assertion `srcIndex < srcSelectDimSize` failed.
../aten/src/ATen/native/cuda/Indexing.cu:1308: indexSelectLargeIndex: block: [574,0,0], thread: [103,0,0] Assertion `srcIndex < srcSelectDimSize` failed.
../aten/src/ATen/native/cuda/Indexing.cu:1308: indexSelectLargeIndex: block: [574,0,0], thread: [104,0,0] Assertion `srcIndex < srcSelectDimSize` failed.
../aten/src/ATen/native/cuda/Indexing.cu:1308: indexSelectLargeIndex: block: [574,0,0], thread: [105,0,0] Assertion `srcIndex < srcSelectDimSize` failed.
../aten/src/ATen/native/cuda/Indexing.cu:1308: indexSelectLargeIndex: block: [574,0,0], thread: [106,0,0] Assertion `srcIndex < srcSelectDimSize` failed.
../aten/src/ATen/native/cuda/Indexing.cu:1308: indexSelectLargeIndex: block: [574,0,0], thread: [107,0,0] Assertion `srcIndex < srcSelectDimSize` failed.
../aten/src/ATen/native/cuda/Indexing.cu:1308: indexSelectLargeIndex: block: [574,0,0], thread: [108,0,0] Assertion `srcIndex < srcSelectDimSize` failed.
../aten/src/ATen/native/cuda/Indexing.cu:1308: indexSelectLargeIndex: block: [574,0,0], thread: [109,0,0] Assertion `srcIndex < srcSelectDimSize` failed.
../aten/src/ATen/native/cuda/Indexing.cu:1308: indexSelectLargeIndex: block: [574,0,0], thread: [110,0,0] Assertion `srcIndex < srcSelectDimSize` failed.
../aten/src/ATen/native/cuda/Indexing.cu:1308: indexSelectLargeIndex: block: [574,0,0], thread: [111,0,0] Assertion `srcIndex < srcSelectDimSize` failed.
../aten/src/ATen/native/cuda/Indexing.cu:1308: indexSelectLargeIndex: block: [574,0,0], thread: [112,0,0] Assertion `srcIndex < srcSelectDimSize` failed.
../aten/src/ATen/native/cuda/Indexing.cu:1308: indexSelectLargeIndex: block: [574,0,0], thread: [113,0,0] Assertion `srcIndex < srcSelectDimSize` failed.
../aten/src/ATen/native/cuda/Indexing.cu:1308: indexSelectLargeIndex: block: [574,0,0], thread: [114,0,0] Assertion `srcIndex < srcSelectDimSize` failed.
../aten/src/ATen/native/cuda/Indexing.cu:1308: indexSelectLargeIndex: block: [574,0,0], thread: [115,0,0] Assertion `srcIndex < srcSelectDimSize` failed.
../aten/src/ATen/native/cuda/Indexing.cu:1308: indexSelectLargeIndex: block: [574,0,0], thread: [116,0,0] Assertion `srcIndex < srcSelectDimSize` failed.
../aten/src/ATen/native/cuda/Indexing.cu:1308: indexSelectLargeIndex: block: [574,0,0], thread: [117,0,0] Assertion `srcIndex < srcSelectDimSize` failed.
../aten/src/ATen/native/cuda/Indexing.cu:1308: indexSelectLargeIndex: block: [574,0,0], thread: [118,0,0] Assertion `srcIndex < srcSelectDimSize` failed.
../aten/src/ATen/native/cuda/Indexing.cu:1308: indexSelectLargeIndex: block: [574,0,0], thread: [119,0,0] Assertion `srcIndex < srcSelectDimSize` failed.
../aten/src/ATen/native/cuda/Indexing.cu:1308: indexSelectLargeIndex: block: [574,0,0], thread: [120,0,0] Assertion `srcIndex < srcSelectDimSize` failed.
../aten/src/ATen/native/cuda/Indexing.cu:1308: indexSelectLargeIndex: block: [574,0,0], thread: [121,0,0] Assertion `srcIndex < srcSelectDimSize` failed.
../aten/src/ATen/native/cuda/Indexing.cu:1308: indexSelectLargeIndex: block: [574,0,0], thread: [122,0,0] Assertion `srcIndex < srcSelectDimSize` failed.
../aten/src/ATen/native/cuda/Indexing.cu:1308: indexSelectLargeIndex: block: [574,0,0], thread: [123,0,0] Assertion `srcIndex < srcSelectDimSize` failed.
../aten/src/ATen/native/cuda/Indexing.cu:1308: indexSelectLargeIndex: block: [574,0,0], thread: [124,0,0] Assertion `srcIndex < srcSelectDimSize` failed.
../aten/src/ATen/native/cuda/Indexing.cu:1308: indexSelectLargeIndex: block: [574,0,0], thread: [125,0,0] Assertion `srcIndex < srcSelectDimSize` failed.
../aten/src/ATen/native/cuda/Indexing.cu:1308: indexSelectLargeIndex: block: [574,0,0], thread: [126,0,0] Assertion `srcIndex < srcSelectDimSize` failed.
../aten/src/ATen/native/cuda/Indexing.cu:1308: indexSelectLargeIndex: block: [574,0,0], thread: [127,0,0] Assertion `srcIndex < srcSelectDimSize` failed.
../aten/src/ATen/native/cuda/Indexing.cu:1308: indexSelectLargeIndex: block: [494,0,0], thread: [64,0,0] Assertion `srcIndex < srcSelectDimSize` failed.
../aten/src/ATen/native/cuda/Indexing.cu:1308: indexSelectLargeIndex: block: [494,0,0], thread: [65,0,0] Assertion `srcIndex < srcSelectDimSize` failed.
../aten/src/ATen/native/cuda/Indexing.cu:1308: indexSelectLargeIndex: block: [494,0,0], thread: [66,0,0] Assertion `srcIndex < srcSelectDimSize` failed.
../aten/src/ATen/native/cuda/Indexing.cu:1308: indexSelectLargeIndex: block: [494,0,0], thread: [67,0,0] Assertion `srcIndex < srcSelectDimSize` failed.
../aten/src/ATen/native/cuda/Indexing.cu:1308: indexSelectLargeIndex: block: [494,0,0], thread: [68,0,0] Assertion `srcIndex < srcSelectDimSize` failed.
../aten/src/ATen/native/cuda/Indexing.cu:1308: indexSelectLargeIndex: block: [494,0,0], thread: [69,0,0] Assertion `srcIndex < srcSelectDimSize` failed.
../aten/src/ATen/native/cuda/Indexing.cu:1308: indexSelectLargeIndex: block: [494,0,0], thread: [70,0,0] Assertion `srcIndex < srcSelectDimSize` failed.
../aten/src/ATen/native/cuda/Indexing.cu:1308: indexSelectLargeIndex: block: [494,0,0], thread: [71,0,0] Assertion `srcIndex < srcSelectDimSize` failed.
../aten/src/ATen/native/cuda/Indexing.cu:1308: indexSelectLargeIndex: block: [494,0,0], thread: [72,0,0] Assertion `srcIndex < srcSelectDimSize` failed.
../aten/src/ATen/native/cuda/Indexing.cu:1308: indexSelectLargeIndex: block: [494,0,0], thread: [73,0,0] Assertion `srcIndex < srcSelectDimSize` failed.
../aten/src/ATen/native/cuda/Indexing.cu:1308: indexSelectLargeIndex: block: [494,0,0], thread: [74,0,0] Assertion `srcIndex < srcSelectDimSize` failed.
../aten/src/ATen/native/cuda/Indexing.cu:1308: indexSelectLargeIndex: block: [494,0,0], thread: [75,0,0] Assertion `srcIndex < srcSelectDimSize` failed.
../aten/src/ATen/native/cuda/Indexing.cu:1308: indexSelectLargeIndex: block: [494,0,0], thread: [76,0,0] Assertion `srcIndex < srcSelectDimSize` failed.
../aten/src/ATen/native/cuda/Indexing.cu:1308: indexSelectLargeIndex: block: [494,0,0], thread: [77,0,0] Assertion `srcIndex < srcSelectDimSize` failed.
../aten/src/ATen/native/cuda/Indexing.cu:1308: indexSelectLargeIndex: block: [494,0,0], thread: [78,0,0] Assertion `srcIndex < srcSelectDimSize` failed.
../aten/src/ATen/native/cuda/Indexing.cu:1308: indexSelectLargeIndex: block: [494,0,0], thread: [79,0,0] Assertion `srcIndex < srcSelectDimSize` failed.
../aten/src/ATen/native/cuda/Indexing.cu:1308: indexSelectLargeIndex: block: [494,0,0], thread: [80,0,0] Assertion `srcIndex < srcSelectDimSize` failed.
../aten/src/ATen/native/cuda/Indexing.cu:1308: indexSelectLargeIndex: block: [494,0,0], thread: [81,0,0] Assertion `srcIndex < srcSelectDimSize` failed.
../aten/src/ATen/native/cuda/Indexing.cu:1308: indexSelectLargeIndex: block: [494,0,0], thread: [82,0,0] Assertion `srcIndex < srcSelectDimSize` failed.
../aten/src/ATen/native/cuda/Indexing.cu:1308: indexSelectLargeIndex: block: [494,0,0], thread: [83,0,0] Assertion `srcIndex < srcSelectDimSize` failed.
../aten/src/ATen/native/cuda/Indexing.cu:1308: indexSelectLargeIndex: block: [494,0,0], thread: [84,0,0] Assertion `srcIndex < srcSelectDimSize` failed.
../aten/src/ATen/native/cuda/Indexing.cu:1308: indexSelectLargeIndex: block: [494,0,0], thread: [85,0,0] Assertion `srcIndex < srcSelectDimSize` failed.
../aten/src/ATen/native/cuda/Indexing.cu:1308: indexSelectLargeIndex: block: [494,0,0], thread: [86,0,0] Assertion `srcIndex < srcSelectDimSize` failed.
../aten/src/ATen/native/cuda/Indexing.cu:1308: indexSelectLargeIndex: block: [494,0,0], thread: [87,0,0] Assertion `srcIndex < srcSelectDimSize` failed.
../aten/src/ATen/native/cuda/Indexing.cu:1308: indexSelectLargeIndex: block: [494,0,0], thread: [88,0,0] Assertion `srcIndex < srcSelectDimSize` failed.
../aten/src/ATen/native/cuda/Indexing.cu:1308: indexSelectLargeIndex: block: [494,0,0], thread: [89,0,0] Assertion `srcIndex < srcSelectDimSize` failed.
../aten/src/ATen/native/cuda/Indexing.cu:1308: indexSelectLargeIndex: block: [494,0,0], thread: [90,0,0] Assertion `srcIndex < srcSelectDimSize` failed.
../aten/src/ATen/native/cuda/Indexing.cu:1308: indexSelectLargeIndex: block: [494,0,0], thread: [91,0,0] Assertion `srcIndex < srcSelectDimSize` failed.
../aten/src/ATen/native/cuda/Indexing.cu:1308: indexSelectLargeIndex: block: [494,0,0], thread: [92,0,0] Assertion `srcIndex < srcSelectDimSize` failed.
../aten/src/ATen/native/cuda/Indexing.cu:1308: indexSelectLargeIndex: block: [494,0,0], thread: [93,0,0] Assertion `srcIndex < srcSelectDimSize` failed.
../aten/src/ATen/native/cuda/Indexing.cu:1308: indexSelectLargeIndex: block: [494,0,0], thread: [94,0,0] Assertion `srcIndex < srcSelectDimSize` failed.
../aten/src/ATen/native/cuda/Indexing.cu:1308: indexSelectLargeIndex: block: [494,0,0], thread: [95,0,0] Assertion `srcIndex < srcSelectDimSize` failed.
Traceback (most recent call last):
  File "/work/projects/phd-ssanjarip42/ssanjarip42/reasoning-robustness/scripts/run_perturbations.py", line 189, in <module>
    main()
  File "/work/projects/phd-ssanjarip42/ssanjarip42/reasoning-robustness/scripts/run_perturbations.py", line 153, in main
    pert, edits = P.sentence_level(msg, rng, paraphraser)
                  ^^^^^^^^^^^^^^^^^^^^^^^^^^^^^^^^^^^^^^^
  File "/work/projects/phd-ssanjarip42/ssanjarip42/reasoning-robustness/scripts/perturbations.py", line 302, in sentence_level
    para = paraphraser.paraphrase(body) if body else body
           ^^^^^^^^^^^^^^^^^^^^^^^^^^^^
  File "/work/projects/phd-ssanjarip42/ssanjarip42/reasoning-robustness/scripts/perturbations.py", line 288, in paraphrase
    out = self._model.generate(**batch, max_length=max_length,
          ^^^^^^^^^^^^^^^^^^^^^^^^^^^^^^^^^^^^^^^^^^^^^^^^^^^^
  File "/home/tntech.edu/ssanjarip42/.conda/envs/slm/lib/python3.11/site-packages/torch/utils/_contextlib.py", line 116, in decorate_context
    return func(*args, **kwargs)
           ^^^^^^^^^^^^^^^^^^^^^
  File "/home/tntech.edu/ssanjarip42/.conda/envs/slm/lib/python3.11/site-packages/transformers/generation/utils.py", line 2483, in generate
    model_kwargs = self._prepare_encoder_decoder_kwargs_for_generation(
                   ^^^^^^^^^^^^^^^^^^^^^^^^^^^^^^^^^^^^^^^^^^^^^^^^^^^^
  File "/home/tntech.edu/ssanjarip42/.conda/envs/slm/lib/python3.11/site-packages/transformers/generation/utils.py", line 804, in _prepare_encoder_decoder_kwargs_for_generation
    model_kwargs["encoder_outputs"]: ModelOutput = encoder(**encoder_kwargs)
                                                   ^^^^^^^^^^^^^^^^^^^^^^^^^
  File "/home/tntech.edu/ssanjarip42/.conda/envs/slm/lib/python3.11/site-packages/torch/nn/modules/module.py", line 1736, in _wrapped_call_impl
    return self._call_impl(*args, **kwargs)
           ^^^^^^^^^^^^^^^^^^^^^^^^^^^^^^^^
  File "/home/tntech.edu/ssanjarip42/.conda/envs/slm/lib/python3.11/site-packages/torch/nn/modules/module.py", line 1747, in _call_impl
    return forward_call(*args, **kwargs)
           ^^^^^^^^^^^^^^^^^^^^^^^^^^^^^
  File "/home/tntech.edu/ssanjarip42/.conda/envs/slm/lib/python3.11/site-packages/transformers/utils/generic.py", line 1032, in wrapper
    output = func(self, *args, **kwargs)
             ^^^^^^^^^^^^^^^^^^^^^^^^^^^
  File "/home/tntech.edu/ssanjarip42/.conda/envs/slm/lib/python3.11/site-packages/transformers/utils/output_capturing.py", line 252, in wrapper
    outputs = func(self, *args, **kwargs)
              ^^^^^^^^^^^^^^^^^^^^^^^^^^^
  File "/home/tntech.edu/ssanjarip42/.conda/envs/slm/lib/python3.11/site-packages/transformers/models/pegasus/modeling_pegasus.py", line 518, in forward
    attention_mask = create_bidirectional_mask(
                     ^^^^^^^^^^^^^^^^^^^^^^^^^^
  File "/home/tntech.edu/ssanjarip42/.conda/envs/slm/lib/python3.11/site-packages/transformers/masking_utils.py", line 1089, in create_bidirectional_mask
    attention_mask = mask_interface(
                     ^^^^^^^^^^^^^^^
  File "/home/tntech.edu/ssanjarip42/.conda/envs/slm/lib/python3.11/site-packages/transformers/masking_utils.py", line 523, in sdpa_mask
    if allow_is_bidirectional_skip and _ignore_bidirectional_mask_sdpa(padding_mask, kv_length, local_size):
                                       ^^^^^^^^^^^^^^^^^^^^^^^^^^^^^^^^^^^^^^^^^^^^^^^^^^^^^^^^^^^^^^^^^^^^
  File "/home/tntech.edu/ssanjarip42/.conda/envs/slm/lib/python3.11/site-packages/transformers/masking_utils.py", line 355, in _ignore_bidirectional_mask_sdpa
    and (padding_mask is None or padding_mask.all())
         ^^^^^^^^^^^^^^^^^^^^
RuntimeError: CUDA error: device-side assert triggered
CUDA kernel errors might be asynchronously reported at some other API call, so the stacktrace below might be incorrect.
For debugging consider passing CUDA_LAUNCH_BLOCKING=1
Compile with `TORCH_USE_CUDA_DSA` to enable device-side assertions.

[done] perturbation pipeline finished
