[skip] no synonym source needed for requested attacks
[load] PEGASUS will load on first sentence/multi attack
Loading weights:   0%|          | 0/103 [00:00<?, ?it/s]Loading weights: 100%|██████████| 103/103 [00:00<00:00, 30214.95it/s]
[data] 20 messages | attacks=['sentence'] | seeds=[0, 1, 2]
Loading weights:   0%|          | 0/678 [00:00<?, ?it/s]Loading weights: 100%|██████████| 678/678 [00:00<00:00, 11620.23it/s]
[transformers] [1mPegasusForConditionalGeneration LOAD REPORT[0m from: tuner007/pegasus_paraphrase
Key                                  | Status  | 
-------------------------------------+---------+-
model.decoder.embed_positions.weight | MISSING | 
model.encoder.embed_positions.weight | MISSING | 

Notes:
- MISSING:	those params were newly initialized because missing from the checkpoint. Consider training on your downstream task.
[transformers] Group Beam Search was moved to a `custom_generate` repo: https://hf.co/transformers-community/group-beam-search. To prevent loss of backward compatibility, add `custom_generate='transformers-community/group-beam-search'` to your `generate` call before v4.62.0.
[transformers] A new version of the following files was downloaded from https://huggingface.co/transformers-community/group-beam-search:
- custom_generate/beam_search.py
. Make sure to double-check they do not contain any added malicious code. To avoid downloading new versions of the code file, you can pin a revision.
[transformers] A new version of the following files was downloaded from https://huggingface.co/transformers-community/group-beam-search:
- custom_generate/generate.py
- beam_search.py
. Make sure to double-check they do not contain any added malicious code. To avoid downloading new versions of the code file, you can pin a revision.
[transformers] Passing `generation_config` together with generation-related arguments=({'num_beam_groups', 'num_beams', 'max_length', 'do_sample', 'diversity_penalty', 'num_return_sequences'}) is deprecated and will be removed in future versions. Please pass either a `generation_config` object OR all generation parameters explicitly, but not both.
[done] attack=sentence seed=0
[done] attack=sentence seed=1
[done] attack=sentence seed=2
[write] 60 variants -> outputs/sentence_pilot2.jsonl
[gate] 7 below sim<0.65 (11.7%) flagged valid=false
