GOLD SET: 21 messages (11 urgent, 10 not)

--- LEXICAL (current keyword list) ---
  accuracy=0.86  precision=1.00  recall=0.73  (tp=8 fp=0 tn=10 fn=3)
    MISSED   Hey, it's John here, I'm having a hard time delivering your parcel. Please fill 
    MISSED   #NavyFed: $870 withdrawn at ATMSW-2. To dispute, go to bit.ly/navyauth
    MISSED   Verizon You've won a prize! Go to bit.ly/yourprize001 to claim your $500 Amazon 
Loading weights:   0%|          | 0/393 [00:00<?, ?it/s]Loading weights: 100%|██████████| 393/393 [00:00<00:00, 7480.65it/s]
[transformers] [1mRobertaForSequenceClassification LOAD REPORT[0m from: roberta-large-mnli
Key                         | Status     |  | 
----------------------------+------------+--+-
roberta.pooler.dense.bias   | UNEXPECTED |  | 
roberta.pooler.dense.weight | UNEXPECTED |  | 

Notes:
- UNEXPECTED:	can be ignored when loading from different task/architecture; not ok if you expect identical arch.
Traceback (most recent call last):
  File "/work/projects/phd-ssanjarip42/ssanjarip42/reasoning-robustness/scripts/test_urgency_nli.py", line 157, in <module>
    main()
  File "/work/projects/phd-ssanjarip42/ssanjarip42/reasoning-robustness/scripts/test_urgency_nli.py", line 146, in main
    f"NLI  thresh={t}  hyp='{hyp}'")
                   ^
NameError: name 't' is not defined
